馃殌 API_URL = https://m1.apifoxmock.com/m1/6400575-6097373-default
馃殌 VERSION = 3.0.2
[36mvite v7.1.7 [32mbuilding for production...[36m[39m
transforming...
[32m鉁?[39m 3255 modules transformed.
rendering chunks...
computing gzip size...
[2mdist/[22m[32mindex.html                                                                     [39m[1m[2m    1.38 kB[22m[1m[22m[2m 鈹?gzip:   0.78 kB[22m
[2mdist/[22m[32massets/login_icon-C4TVlUS8.svg                                                 [39m[1m[2m    4.23 kB[22m[1m[22m[2m 鈹?gzip:   1.48 kB[22m
[2mdist/[22m[32massets/favicon-C1KazUkF.ico                                                    [39m[1m[2m    4.29 kB[22m[1m[22m
[2mdist/[22m[32massets/403-BdWuHcJA.svg                                                        [39m[1m[2m    4.61 kB[22m[1m[22m[2m 鈹?gzip:   1.55 kB[22m
[2mdist/[22m[32massets/yd-BrGqJ6Cs.png                                                         [39m[1m[2m    4.63 kB[22m[1m[22m
[2mdist/[22m[32massets/sd-C0PQtrty.png                                                         [39m[1m[2m    4.75 kB[22m[1m[22m
[2mdist/[22m[32massets/500-DANzffU6.svg                                                        [39m[1m[2m    4.93 kB[22m[1m[22m[2m 鈹?gzip:   1.76 kB[22m
[2mdist/[22m[32massets/404-BzxNMzaO.svg                                                        [39m[1m[2m    5.12 kB[22m[1m[22m[2m 鈹?gzip:   1.94 kB[22m
[2mdist/[22m[32massets/icon4-DoSzj0bv.webp                                                     [39m[1m[2m    5.76 kB[22m[1m[22m
[2mdist/[22m[32massets/icon3-T3qq4dG7.webp                                                     [39m[1m[2m    5.87 kB[22m[1m[22m
[2mdist/[22m[32massets/icon6-WLywVSyq.webp                                                     [39m[1m[2m    6.31 kB[22m[1m[22m
[2mdist/[22m[32massets/icon2-CpZimU24.webp                                                     [39m[1m[2m    6.71 kB[22m[1m[22m
[2mdist/[22m[32massets/img1-D1-edq2V.webp                                                      [39m[1m[2m    7.52 kB[22m[1m[22m
[2mdist/[22m[32massets/icon5-BXFopm_n.webp                                                     [39m[1m[2m    7.93 kB[22m[1m[22m
[2mdist/[22m[32massets/icon7-Bv7tEJJc.webp                                                     [39m[1m[2m    8.18 kB[22m[1m[22m
[2mdist/[22m[32massets/img7-4tHQ8_RR.webp                                                      [39m[1m[2m    8.69 kB[22m[1m[22m
[2mdist/[22m[32massets/img9-C5GNNLTv.webp                                                      [39m[1m[2m    9.21 kB[22m[1m[22m
[2mdist/[22m[32massets/img5-O9OJMad4.webp                                                      [39m[1m[2m    9.48 kB[22m[1m[22m
[2mdist/[22m[32massets/img8-B6h2fA3L.webp                                                      [39m[1m[2m    9.58 kB[22m[1m[22m
[2mdist/[22m[32massets/img4-puXkhAjD.webp                                                      [39m[1m[2m    9.83 kB[22m[1m[22m
[2mdist/[22m[32massets/icon1-DYDLnOGV.webp                                                     [39m[1m[2m   10.08 kB[22m[1m[22m
[2mdist/[22m[32massets/img6-PBedqv72.webp                                                      [39m[1m[2m   10.90 kB[22m[1m[22m
[2mdist/[22m[32massets/draw1-Ce1WF34i.png                                                      [39m[1m[2m   11.32 kB[22m[1m[22m
[2mdist/[22m[32massets/img3-2dukXPv_.webp                                                      [39m[1m[2m   12.13 kB[22m[1m[22m
[2mdist/[22m[32massets/bg-DrCBEYh-.webp                                                        [39m[1m[2m   12.35 kB[22m[1m[22m
[2mdist/[22m[32massets/img2-B4YC9Se8.webp                                                      [39m[1m[2m   14.02 kB[22m[1m[22m
[2mdist/[22m[32massets/lf_icon2-CrdSAdav.webp                                                  [39m[1m[2m   25.02 kB[22m[1m[22m
[2mdist/[22m[32massets/bg_light-WsVMpqKz.webp                                                  [39m[1m[2m   67.25 kB[22m[1m[22m
[2mdist/[22m[32massets/bg_dark-BoZNsetB.webp                                                   [39m[1m[2m   70.59 kB[22m[1m[22m
[2mdist/[22m[35massets/el-tooltip-tn0RQdqM.css                                                 [39m[1m[2m    0.00 kB[22m[1m[22m[2m 鈹?gzip:   0.02 kB[22m
[2mdist/[22m[35massets/el-radio-group-BzMpJalG.css                                             [39m[1m[2m    0.08 kB[22m[1m[22m[2m 鈹?gzip:   0.09 kB[22m
[2mdist/[22m[35massets/tree-JjlKdx0k.css                                                       [39m[1m[2m    0.09 kB[22m[1m[22m[2m 鈹?gzip:   0.10 kB[22m
[2mdist/[22m[35massets/index-Bi61WUqM.css                                                      [39m[1m[2m    0.16 kB[22m[1m[22m[2m 鈹?gzip:   0.13 kB[22m
[2mdist/[22m[35massets/el-space-3oFudasq.css                                                   [39m[1m[2m    0.16 kB[22m[1m[22m[2m 鈹?gzip:   0.12 kB[22m
[2mdist/[22m[35massets/el-overlay-Db7iXMEX.css                                                 [39m[1m[2m    0.16 kB[22m[1m[22m[2m 鈹?gzip:   0.14 kB[22m
[2mdist/[22m[35massets/new-user-CrtQcHjJ.css                                                   [39m[1m[2m    0.17 kB[22m[1m[22m[2m 鈹?gzip:   0.14 kB[22m
[2mdist/[22m[35massets/index-CF5HFxlw.css                                                      [39m[1m[2m    0.18 kB[22m[1m[22m[2m 鈹?gzip:   0.15 kB[22m
[2mdist/[22m[35massets/index-bO8ksejU.css                                                      [39m[1m[2m    0.19 kB[22m[1m[22m[2m 鈹?gzip:   0.12 kB[22m
[2mdist/[22m[35massets/index-BUZ8DTI6.css                                                      [39m[1m[2m    0.31 kB[22m[1m[22m[2m 鈹?gzip:   0.17 kB[22m
[2mdist/[22m[35massets/index-udbg7LPK.css                                                      [39m[1m[2m    0.46 kB[22m[1m[22m[2m 鈹?gzip:   0.19 kB[22m
[2mdist/[22m[35massets/el-row-C6BJsxyy.css                                                     [39m[1m[2m    0.49 kB[22m[1m[22m[2m 鈹?gzip:   0.20 kB[22m
[2mdist/[22m[35massets/index-DFyspAq6.css                                                      [39m[1m[2m    0.49 kB[22m[1m[22m[2m 鈹?gzip:   0.22 kB[22m
[2mdist/[22m[35massets/index-BjyKwhCm.css                                                      [39m[1m[2m    0.55 kB[22m[1m[22m[2m 鈹?gzip:   0.22 kB[22m
[2mdist/[22m[35massets/index-fJ1jxMs7.css                                                      [39m[1m[2m    0.74 kB[22m[1m[22m[2m 鈹?gzip:   0.39 kB[22m
[2mdist/[22m[35massets/index-7OW53Q2j.css                                                      [39m[1m[2m    0.74 kB[22m[1m[22m[2m 鈹?gzip:   0.40 kB[22m
[2mdist/[22m[35massets/index-w6qIsAxw.css                                                      [39m[1m[2m    0.81 kB[22m[1m[22m[2m 鈹?gzip:   0.41 kB[22m
[2mdist/[22m[35massets/index-BPxqj_XC.css                                                      [39m[1m[2m    0.82 kB[22m[1m[22m[2m 鈹?gzip:   0.42 kB[22m
[2mdist/[22m[35massets/el-card-fwQOLwdi.css                                                    [39m[1m[2m    0.86 kB[22m[1m[22m[2m 鈹?gzip:   0.29 kB[22m
[2mdist/[22m[35massets/el-avatar-BmRr_O8d.css                                                  [39m[1m[2m    0.88 kB[22m[1m[22m[2m 鈹?gzip:   0.34 kB[22m
[2mdist/[22m[35massets/el-text-3XkjT9nK.css                                                    [39m[1m[2m    1.05 kB[22m[1m[22m[2m 鈹?gzip:   0.35 kB[22m
[2mdist/[22m[35massets/index-z7g1M4-K.css                                                      [39m[1m[2m    1.13 kB[22m[1m[22m[2m 鈹?gzip:   0.41 kB[22m
[2mdist/[22m[35massets/el-empty-D4ZqTl4F.css                                                   [39m[1m[2m    1.20 kB[22m[1m[22m[2m 鈹?gzip:   0.47 kB[22m
[2mdist/[22m[35massets/index-bjrPmF22.css                                                      [39m[1m[2m    1.26 kB[22m[1m[22m[2m 鈹?gzip:   0.44 kB[22m
[2mdist/[22m[35massets/el-scrollbar-BWxh-h6K.css                                               [39m[1m[2m    1.33 kB[22m[1m[22m[2m 鈹?gzip:   0.44 kB[22m
[2mdist/[22m[35massets/scrollbar-C8iP3G9A.css                                                  [39m[1m[2m    1.35 kB[22m[1m[22m[2m 鈹?gzip:   0.44 kB[22m
[2mdist/[22m[35massets/el-popover-Cktl5fHm.css                                                 [39m[1m[2m    1.35 kB[22m[1m[22m[2m 鈹?gzip:   0.42 kB[22m
[2mdist/[22m[35massets/index-vj9_IGHp.css                                                      [39m[1m[2m    1.37 kB[22m[1m[22m[2m 鈹?gzip:   0.43 kB[22m
[2mdist/[22m[35massets/index-BEOiIrzj.css                                                      [39m[1m[2m    1.37 kB[22m[1m[22m[2m 鈹?gzip:   0.37 kB[22m
[2mdist/[22m[35massets/index-Df4PlqU9.css                                                      [39m[1m[2m    1.41 kB[22m[1m[22m[2m 鈹?gzip:   0.46 kB[22m
[2mdist/[22m[35massets/index-W8Q-XOh0.css                                                      [39m[1m[2m    1.54 kB[22m[1m[22m[2m 鈹?gzip:   0.52 kB[22m
[2mdist/[22m[35massets/el-option-BHqzF8z9.css                                                  [39m[1m[2m    1.68 kB[22m[1m[22m[2m 鈹?gzip:   0.64 kB[22m
[2mdist/[22m[35massets/index-BhXB47oD.css                                                      [39m[1m[2m    1.77 kB[22m[1m[22m[2m 鈹?gzip:   0.64 kB[22m
[2mdist/[22m[35massets/index-D9W-twQd.css                                                      [39m[1m[2m    1.89 kB[22m[1m[22m[2m 鈹?gzip:   0.72 kB[22m
[2mdist/[22m[35massets/index-bMPyyuLZ.css                                                      [39m[1m[2m    1.89 kB[22m[1m[22m[2m 鈹?gzip:   0.72 kB[22m
[2mdist/[22m[35massets/index-Bgf43FFJ.css                                                      [39m[1m[2m    2.01 kB[22m[1m[22m[2m 鈹?gzip:   0.62 kB[22m
[2mdist/[22m[35massets/index-C5rYpSsQ.css                                                      [39m[1m[2m    2.01 kB[22m[1m[22m[2m 鈹?gzip:   0.55 kB[22m
[2mdist/[22m[35massets/index-B7oblv3n.css                                                      [39m[1m[2m    2.05 kB[22m[1m[22m[2m 鈹?gzip:   0.70 kB[22m
[2mdist/[22m[35massets/index-p5mPO7rG.css                                                      [39m[1m[2m    2.07 kB[22m[1m[22m[2m 鈹?gzip:   0.63 kB[22m
[2mdist/[22m[35massets/index-DjYvJyYQ.css                                                      [39m[1m[2m    2.15 kB[22m[1m[22m[2m 鈹?gzip:   0.78 kB[22m
[2mdist/[22m[35massets/el-popper-D1i0e6ba.css                                                  [39m[1m[2m    2.21 kB[22m[1m[22m[2m 鈹?gzip:   0.52 kB[22m
[2mdist/[22m[35massets/el-progress-Dw9yTa91.css                                                [39m[1m[2m    2.59 kB[22m[1m[22m[2m 鈹?gzip:   0.76 kB[22m
[2mdist/[22m[35massets/el-timeline-item-BvbJTz1y.css                                           [39m[1m[2m    2.60 kB[22m[1m[22m[2m 鈹?gzip:   0.64 kB[22m
[2mdist/[22m[35massets/img4-Dh4MhdCP.css                                                       [39m[1m[2m    2.62 kB[22m[1m[22m[2m 鈹?gzip:   0.80 kB[22m
[2mdist/[22m[35massets/index-CDDDnorJ.css                                                      [39m[1m[2m    2.65 kB[22m[1m[22m[2m 鈹?gzip:   0.77 kB[22m
[2mdist/[22m[35massets/el-radio-button-CSkroacn.css                                            [39m[1m[2m    3.25 kB[22m[1m[22m[2m 鈹?gzip:   0.77 kB[22m
[2mdist/[22m[35massets/index-pMEr6xZB.css                                                      [39m[1m[2m    3.28 kB[22m[1m[22m[2m 鈹?gzip:   0.88 kB[22m
[2mdist/[22m[35massets/el-button-group-ePhtJS9H.css                                            [39m[1m[2m    3.30 kB[22m[1m[22m[2m 鈹?gzip:   0.46 kB[22m
[2mdist/[22m[35massets/index-DsQ4I_bN.css                                                      [39m[1m[2m    3.37 kB[22m[1m[22m[2m 鈹?gzip:   1.17 kB[22m
[2mdist/[22m[35massets/index-CCsB2IfO.css                                                      [39m[1m[2m    3.41 kB[22m[1m[22m[2m 鈹?gzip:   0.83 kB[22m
[2mdist/[22m[35massets/el-descriptions-item-o9ObloqJ.css                                       [39m[1m[2m    3.42 kB[22m[1m[22m[2m 鈹?gzip:   0.60 kB[22m
[2mdist/[22m[35massets/index-Dv_OnLT0.css                                                      [39m[1m[2m    3.44 kB[22m[1m[22m[2m 鈹?gzip:   1.02 kB[22m
[2mdist/[22m[35massets/el-alert-G57rL0jl.css                                                   [39m[1m[2m    3.46 kB[22m[1m[22m[2m 鈹?gzip:   0.75 kB[22m
[2mdist/[22m[35massets/el-drawer-BhCnIJJ3.css                                                  [39m[1m[2m    3.51 kB[22m[1m[22m[2m 鈹?gzip:   0.88 kB[22m
[2mdist/[22m[35massets/el-dialog-DyK7vRzj.css                                                  [39m[1m[2m    3.53 kB[22m[1m[22m[2m 鈹?gzip:   0.98 kB[22m
[2mdist/[22m[35massets/el-dropdown-item-h8USmNax.css                                           [39m[1m[2m    3.89 kB[22m[1m[22m[2m 鈹?gzip:   0.91 kB[22m
[2mdist/[22m[35massets/el-switch-B5lTGWdM.css                                                  [39m[1m[2m    3.94 kB[22m[1m[22m[2m 鈹?gzip:   0.96 kB[22m
[2mdist/[22m[35massets/el-radio-BuDgLcOG.css                                                   [39m[1m[2m    4.31 kB[22m[1m[22m[2m 鈹?gzip:   0.91 kB[22m
[2mdist/[22m[35massets/el-input-number-D6iOyBgb.css                                            [39m[1m[2m    4.34 kB[22m[1m[22m[2m 鈹?gzip:   0.91 kB[22m
[2mdist/[22m[35massets/el-collapse-item-D4LG0FJ0.css                                           [39m[1m[2m    4.64 kB[22m[1m[22m[2m 鈹?gzip:   0.98 kB[22m
[2mdist/[22m[35massets/message-CIxGxpAv.css                                                    [39m[1m[2m    4.69 kB[22m[1m[22m[2m 鈹?gzip:   1.06 kB[22m
[2mdist/[22m[35massets/el-form-item-BWkJzdQ_.css                                               [39m[1m[2m    4.75 kB[22m[1m[22m[2m 鈹?gzip:   0.89 kB[22m
[2mdist/[22m[35massets/overlay-D80Dkf6C.css                                                    [39m[1m[2m    4.89 kB[22m[1m[22m[2m 鈹?gzip:   1.21 kB[22m
[2mdist/[22m[35massets/el-tree-C2sTlbKd.css                                                    [39m[1m[2m    4.91 kB[22m[1m[22m[2m 鈹?gzip:   1.11 kB[22m
[2mdist/[22m[35massets/el-tag-DljBBxJR.css                                                     [39m[1m[2m    5.52 kB[22m[1m[22m[2m 鈹?gzip:   0.87 kB[22m
[2mdist/[22m[35massets/tag-CtW1DIiB.css                                                        [39m[1m[2m    5.87 kB[22m[1m[22m[2m 鈹?gzip:   0.88 kB[22m
[2mdist/[22m[35massets/el-checkbox-DIj50LEB.css                                                [39m[1m[2m    6.53 kB[22m[1m[22m[2m 鈹?gzip:   1.21 kB[22m
[2mdist/[22m[35massets/el-pagination-BNQcHhjS.css                                              [39m[1m[2m    6.58 kB[22m[1m[22m[2m 鈹?gzip:   1.17 kB[22m
[2mdist/[22m[35massets/el-select-DdmnTlAY.css                                                  [39m[1m[2m    8.25 kB[22m[1m[22m[2m 鈹?gzip:   1.92 kB[22m
[2mdist/[22m[35massets/input-BUa0-RC6.css                                                      [39m[1m[2m   10.55 kB[22m[1m[22m[2m 鈹?gzip:   1.74 kB[22m
[2mdist/[22m[35massets/el-input-tPmZxDKr.css                                                   [39m[1m[2m   10.83 kB[22m[1m[22m[2m 鈹?gzip:   1.74 kB[22m
[2mdist/[22m[35massets/index-3f4AKCsY.css                                                      [39m[1m[2m   11.43 kB[22m[1m[22m[2m 鈹?gzip:   2.38 kB[22m
[2mdist/[22m[35massets/el-upload-q8uObtwj.css                                                  [39m[1m[2m   11.46 kB[22m[1m[22m[2m 鈹?gzip:   2.07 kB[22m
[2mdist/[22m[35massets/LoginLeftView-C-JORtQp.css                                              [39m[1m[2m   11.61 kB[22m[1m[22m[2m 鈹?gzip:   2.02 kB[22m
[2mdist/[22m[35massets/index-wywGMzvX.css                                                      [39m[1m[2m   14.06 kB[22m[1m[22m[2m 鈹?gzip:   2.53 kB[22m
[2mdist/[22m[35massets/index-T-lbGpFz.css                                                      [39m[1m[2m   15.41 kB[22m[1m[22m[2m 鈹?gzip:   3.54 kB[22m
[2mdist/[22m[35massets/el-button-CDqfIFiK.css                                                  [39m[1m[2m   15.58 kB[22m[1m[22m[2m 鈹?gzip:   1.93 kB[22m
[2mdist/[22m[35massets/button-DnPLJipQ.css                                                     [39m[1m[2m   15.68 kB[22m[1m[22m[2m 鈹?gzip:   1.93 kB[22m
[2mdist/[22m[35massets/index-Px9rEA5N.css                                                      [39m[1m[2m   17.17 kB[22m[1m[22m[2m 鈹?gzip:   2.75 kB[22m
[2mdist/[22m[35massets/el-table-column-CKoPG0Y8.css                                            [39m[1m[2m   18.06 kB[22m[1m[22m[2m 鈹?gzip:   2.87 kB[22m
[2mdist/[22m[35massets/index-CNLwSxeQ.css                                                      [39m[1m[2m   20.10 kB[22m[1m[22m[2m 鈹?gzip:   3.49 kB[22m
[2mdist/[22m[35massets/el-date-picker-panel-BhfPqR_w.css                                       [39m[1m[2m   28.61 kB[22m[1m[22m[2m 鈹?gzip:   4.15 kB[22m
[2mdist/[22m[35massets/index-CT5IdcvV.css                                                      [39m[1m[2m   34.39 kB[22m[1m[22m[2m 鈹?gzip:   5.62 kB[22m
[2mdist/[22m[35massets/index-CfPtBhMe.css                                                      [39m[1m[2m   36.98 kB[22m[1m[22m[2m 鈹?gzip:   6.70 kB[22m
[2mdist/[22m[35massets/el-col-DD1Vn-Yu.css                                                     [39m[1m[2m   38.68 kB[22m[1m[22m[2m 鈹?gzip:   3.75 kB[22m
[2mdist/[22m[35massets/tree-select-D4_M4EV5.css                                                [39m[1m[2m   83.24 kB[22m[1m[22m[2m 鈹?gzip:  12.00 kB[22m
[2mdist/[22m[35massets/index-YmeqC8lq.css                                                      [39m[1m[2m  116.87 kB[22m[1m[22m[2m 鈹?gzip:  21.27 kB[22m
[2mdist/[22m[36massets/bg_dark-Bvyr6IFB.js                                                     [39m[1m[2m    0.06 kB[22m[1m[22m[2m 鈹?gzip:   0.08 kB[22m
[2mdist/[22m[36massets/refs-Cw5r5QN8.js                                                        [39m[1m[2m    0.06 kB[22m[1m[22m[2m 鈹?gzip:   0.08 kB[22m
[2mdist/[22m[36massets/emojo-Ben6gd8J.js                                                       [39m[1m[2m    0.06 kB[22m[1m[22m[2m 鈹?gzip:   0.08 kB[22m
[2mdist/[22m[36massets/token-DWNpOE8r.js                                                       [39m[1m[2m    0.08 kB[22m[1m[22m[2m 鈹?gzip:   0.08 kB[22m
[2mdist/[22m[36massets/event-BwRzfsZt.js                                                       [39m[1m[2m    0.08 kB[22m[1m[22m[2m 鈹?gzip:   0.09 kB[22m
[2mdist/[22m[36massets/validator-D6B9sVx2.js                                                   [39m[1m[2m    0.09 kB[22m[1m[22m[2m 鈹?gzip:   0.10 kB[22m
[2mdist/[22m[36massets/cloneDeep-7NFCkdid.js                                                   [39m[1m[2m    0.09 kB[22m[1m[22m[2m 鈹?gzip:   0.10 kB[22m
[2mdist/[22m[36massets/_plugin-vue_export-helper-BCo6x5W8.js                                   [39m[1m[2m    0.09 kB[22m[1m[22m[2m 鈹?gzip:   0.10 kB[22m
[2mdist/[22m[36massets/castArray-B5s72ZLa.js                                                   [39m[1m[2m    0.14 kB[22m[1m[22m[2m 鈹?gzip:   0.14 kB[22m
[2mdist/[22m[36massets/strings-Dy_YCaEm.js                                                     [39m[1m[2m    0.15 kB[22m[1m[22m[2m 鈹?gzip:   0.15 kB[22m
[2mdist/[22m[36massets/formEnum-BLgiZVxV.js                                                    [39m[1m[2m    0.15 kB[22m[1m[22m[2m 鈹?gzip:   0.15 kB[22m
[2mdist/[22m[36massets/img4-CSdYt7Zp.js                                                        [39m[1m[2m    0.17 kB[22m[1m[22m[2m 鈹?gzip:   0.13 kB[22m
[2mdist/[22m[36massets/icon4-CA11c3Wn.js                                                       [39m[1m[2m    0.17 kB[22m[1m[22m[2m 鈹?gzip:   0.13 kB[22m
[2mdist/[22m[36massets/isArrayLikeObject-BHYKZmrc.js                                           [39m[1m[2m    0.19 kB[22m[1m[22m[2m 鈹?gzip:   0.16 kB[22m
[2mdist/[22m[36massets/about-project-B5shjxAN.js                                               [39m[1m[2m    0.20 kB[22m[1m[22m[2m 鈹?gzip:   0.15 kB[22m
[2mdist/[22m[36massets/dynamic-stats-Iae7yZvp.js                                               [39m[1m[2m    0.23 kB[22m[1m[22m[2m 鈹?gzip:   0.17 kB[22m
[2mdist/[22m[36massets/active-user-emZZ7ImZ.js                                                 [39m[1m[2m    0.26 kB[22m[1m[22m[2m 鈹?gzip:   0.18 kB[22m
[2mdist/[22m[36massets/total-revenue-5Lqh1-rj.js                                               [39m[1m[2m    0.26 kB[22m[1m[22m[2m 鈹?gzip:   0.18 kB[22m
[2mdist/[22m[36massets/sales-overview-yiEIYFLm.js                                              [39m[1m[2m    0.26 kB[22m[1m[22m[2m 鈹?gzip:   0.18 kB[22m
[2mdist/[22m[36massets/visitor-insights-9Eg3-4hl.js                                            [39m[1m[2m    0.26 kB[22m[1m[22m[2m 鈹?gzip:   0.18 kB[22m
[2mdist/[22m[36massets/volume-service-level-BqhFJGf5.js                                        [39m[1m[2m    0.27 kB[22m[1m[22m[2m 鈹?gzip:   0.19 kB[22m
[2mdist/[22m[36massets/customer-satisfaction-CxMlELmB.js                                       [39m[1m[2m    0.27 kB[22m[1m[22m[2m 鈹?gzip:   0.19 kB[22m
[2mdist/[22m[36massets/clamp-CxJYTnAT.js                                                       [39m[1m[2m    0.27 kB[22m[1m[22m[2m 鈹?gzip:   0.20 kB[22m
[2mdist/[22m[36massets/index-DTfJlClJ.js                                                       [39m[1m[2m    0.28 kB[22m[1m[22m[2m 鈹?gzip:   0.24 kB[22m
[2mdist/[22m[36massets/index-CuAQhwaE.js                                                       [39m[1m[2m    0.28 kB[22m[1m[22m[2m 鈹?gzip:   0.24 kB[22m
[2mdist/[22m[36massets/index-aJ6ZYHdc.js                                                       [39m[1m[2m    0.28 kB[22m[1m[22m[2m 鈹?gzip:   0.25 kB[22m
[2mdist/[22m[36massets/index-hRGkOkKE.js                                                       [39m[1m[2m    0.28 kB[22m[1m[22m[2m 鈹?gzip:   0.25 kB[22m
[2mdist/[22m[36massets/index-Ce8sTN5s.js                                                       [39m[1m[2m    0.28 kB[22m[1m[22m[2m 鈹?gzip:   0.25 kB[22m
[2mdist/[22m[36massets/card-list-5ig6teiE.js                                                   [39m[1m[2m    0.32 kB[22m[1m[22m[2m 鈹?gzip:   0.19 kB[22m
[2mdist/[22m[36massets/today-sales-C4pi5e6o.js                                                 [39m[1m[2m    0.32 kB[22m[1m[22m[2m 鈹?gzip:   0.19 kB[22m
[2mdist/[22m[36massets/hot-commodity-CdvYQibZ.js                                               [39m[1m[2m    0.32 kB[22m[1m[22m[2m 鈹?gzip:   0.19 kB[22m
[2mdist/[22m[36massets/target-vs-reality-C-XcVgjh.js                                           [39m[1m[2m    0.33 kB[22m[1m[22m[2m 鈹?gzip:   0.19 kB[22m
[2mdist/[22m[36massets/banner-CrMUjiuR.js                                                      [39m[1m[2m    0.33 kB[22m[1m[22m[2m 鈹?gzip:   0.19 kB[22m
[2mdist/[22m[36massets/recent-transaction-BG1xC3ok.js                                          [39m[1m[2m    0.33 kB[22m[1m[22m[2m 鈹?gzip:   0.21 kB[22m
[2mdist/[22m[36massets/useAuth-DE7gztfl.js                                                     [39m[1m[2m    0.34 kB[22m[1m[22m[2m 鈹?gzip:   0.26 kB[22m
[2mdist/[22m[36massets/index-BZ_E-wrZ.js                                                       [39m[1m[2m    0.37 kB[22m[1m[22m[2m 鈹?gzip:   0.29 kB[22m
[2mdist/[22m[36massets/todo-list-BknCkWnQ.js                                                   [39m[1m[2m    0.41 kB[22m[1m[22m[2m 鈹?gzip:   0.24 kB[22m
[2mdist/[22m[36massets/index-D-X0lE72.js                                                       [39m[1m[2m    0.42 kB[22m[1m[22m[2m 鈹?gzip:   0.30 kB[22m
[2mdist/[22m[36massets/cart-conversion-rate-ByfOQUbG.js                                        [39m[1m[2m    0.48 kB[22m[1m[22m[2m 鈹?gzip:   0.39 kB[22m
[2mdist/[22m[36massets/transaction-list-AGwU4yMk.js                                            [39m[1m[2m    0.52 kB[22m[1m[22m[2m 鈹?gzip:   0.25 kB[22m
[2mdist/[22m[36massets/toNumber-C5Y6GAaQ.js                                                    [39m[1m[2m    0.54 kB[22m[1m[22m[2m 鈹?gzip:   0.36 kB[22m
[2mdist/[22m[36massets/raf-DXbRn6hR.js                                                         [39m[1m[2m    0.54 kB[22m[1m[22m[2m 鈹?gzip:   0.35 kB[22m
[2mdist/[22m[36massets/use-form-common-props-DaFvYohV.js                                       [39m[1m[2m    0.64 kB[22m[1m[22m[2m 鈹?gzip:   0.35 kB[22m
[2mdist/[22m[36massets/sales-mapping-by-country-gghw1A49.js                                    [39m[1m[2m    0.67 kB[22m[1m[22m[2m 鈹?gzip:   0.48 kB[22m
[2mdist/[22m[36massets/total-products-DldOr_cs.js                                              [39m[1m[2m    0.68 kB[22m[1m[22m[2m 鈹?gzip:   0.47 kB[22m
[2mdist/[22m[36massets/useLayoutHeight-CwxegaqC.js                                             [39m[1m[2m    0.68 kB[22m[1m[22m[2m 鈹?gzip:   0.42 kB[22m
[2mdist/[22m[36massets/sales-trend-CmIE8BVj.js                                                 [39m[1m[2m    0.69 kB[22m[1m[22m[2m 鈹?gzip:   0.48 kB[22m
[2mdist/[22m[36massets/sales-overview.vue_vue_type_script_setup_true_lang-B1KjtPc9.js          [39m[1m[2m    0.71 kB[22m[1m[22m[2m 鈹?gzip:   0.49 kB[22m
[2mdist/[22m[36massets/total-revenue.vue_vue_type_script_setup_true_lang-iJxP2d17.js           [39m[1m[2m    0.73 kB[22m[1m[22m[2m 鈹?gzip:   0.50 kB[22m
[2mdist/[22m[36massets/volume-service-level.vue_vue_type_script_setup_true_lang-BkLd0LRo.js    [39m[1m[2m    0.76 kB[22m[1m[22m[2m 鈹?gzip:   0.50 kB[22m
[2mdist/[22m[36massets/customer-satisfaction.vue_vue_type_script_setup_true_lang-CieV01aQ.js   [39m[1m[2m    0.77 kB[22m[1m[22m[2m 鈹?gzip:   0.53 kB[22m
[2mdist/[22m[36massets/total-order-volume-UvxaxrIT.js                                          [39m[1m[2m    0.77 kB[22m[1m[22m[2m 鈹?gzip:   0.56 kB[22m
[2mdist/[22m[36massets/visitor-insights.vue_vue_type_script_setup_true_lang-COQflmfy.js        [39m[1m[2m    0.78 kB[22m[1m[22m[2m 鈹?gzip:   0.52 kB[22m
[2mdist/[22m[36massets/product-sales-B916Akho.js                                               [39m[1m[2m    0.86 kB[22m[1m[22m[2m 鈹?gzip:   0.53 kB[22m
[2mdist/[22m[36massets/sales-growth-DNdcc-1c.js                                                [39m[1m[2m    0.88 kB[22m[1m[22m[2m 鈹?gzip:   0.54 kB[22m
[2mdist/[22m[36massets/role-permission-dialog-D72cTMT4.js                                      [39m[1m[2m    0.89 kB[22m[1m[22m[2m 鈹?gzip:   0.39 kB[22m
[2mdist/[22m[36massets/recent-transaction.vue_vue_type_script_setup_true_lang-BpRsfWq1.js      [39m[1m[2m    0.90 kB[22m[1m[22m[2m 鈹?gzip:   0.58 kB[22m
[2mdist/[22m[36massets/index.vue_vue_type_script_setup_true_lang-DHNdecXe.js                   [39m[1m[2m    0.93 kB[22m[1m[22m[2m 鈹?gzip:   0.57 kB[22m
[2mdist/[22m[36massets/index-C5-sb0-d.js                                                       [39m[1m[2m    0.94 kB[22m[1m[22m[2m 鈹?gzip:   0.52 kB[22m
[2mdist/[22m[36massets/role-edit-dialog-HlwrMoCP.js                                            [39m[1m[2m    0.96 kB[22m[1m[22m[2m 鈹?gzip:   0.46 kB[22m
[2mdist/[22m[36massets/transaction-list.vue_vue_type_script_setup_true_lang-D_6-u4o7.js        [39m[1m[2m    1.01 kB[22m[1m[22m[2m 鈹?gzip:   0.60 kB[22m
[2mdist/[22m[36massets/ArtException.vue_vue_type_script_setup_true_lang-DUFXbp_V.js            [39m[1m[2m    1.01 kB[22m[1m[22m[2m 鈹?gzip:   0.62 kB[22m
[2mdist/[22m[36massets/Iframe-BAswDagP.js                                                      [39m[1m[2m    1.03 kB[22m[1m[22m[2m 鈹?gzip:   0.61 kB[22m
[2mdist/[22m[36massets/debounce--8h_3UZY.js                                                    [39m[1m[2m    1.04 kB[22m[1m[22m[2m 鈹?gzip:   0.56 kB[22m
[2mdist/[22m[36massets/index-BOME8bD-.js                                                       [39m[1m[2m    1.05 kB[22m[1m[22m[2m 鈹?gzip:   0.61 kB[22m
[2mdist/[22m[36massets/index-BcOPQuMJ.js                                                       [39m[1m[2m    1.05 kB[22m[1m[22m[2m 鈹?gzip:   0.60 kB[22m
[2mdist/[22m[36massets/index-CDGRy_VD.js                                                       [39m[1m[2m    1.05 kB[22m[1m[22m[2m 鈹?gzip:   0.60 kB[22m
[2mdist/[22m[36massets/index-Et4Ww54g.js                                                       [39m[1m[2m    1.05 kB[22m[1m[22m[2m 鈹?gzip:   0.60 kB[22m
[2mdist/[22m[36massets/_baseIteratee-CEdgD2_1.js                                               [39m[1m[2m    1.09 kB[22m[1m[22m[2m 鈹?gzip:   0.57 kB[22m
[2mdist/[22m[36massets/index-BJk7Yrxa.js                                                       [39m[1m[2m    1.14 kB[22m[1m[22m[2m 鈹?gzip:   0.62 kB[22m
[2mdist/[22m[36massets/vnode-CuzdUZkP.js                                                       [39m[1m[2m    1.14 kB[22m[1m[22m[2m 鈹?gzip:   0.61 kB[22m
[2mdist/[22m[36massets/scroll-BN3WZ4gX.js                                                      [39m[1m[2m    1.20 kB[22m[1m[22m[2m 鈹?gzip:   0.62 kB[22m
[2mdist/[22m[36massets/active-user.vue_vue_type_script_setup_true_lang-BB9XIo_s.js             [39m[1m[2m    1.20 kB[22m[1m[22m[2m 鈹?gzip:   0.81 kB[22m
[2mdist/[22m[36massets/index-BPqvsEUl.js                                                       [39m[1m[2m    1.29 kB[22m[1m[22m[2m 鈹?gzip:   0.60 kB[22m
[2mdist/[22m[36massets/el-row-CQBOGzgN.js                                                      [39m[1m[2m    1.30 kB[22m[1m[22m[2m 鈹?gzip:   0.73 kB[22m
[2mdist/[22m[36massets/aria-Dle50h-X.js                                                        [39m[1m[2m    1.37 kB[22m[1m[22m[2m 鈹?gzip:   0.73 kB[22m
[2mdist/[22m[36massets/index-D8QwjOJ_.js                                                       [39m[1m[2m    1.37 kB[22m[1m[22m[2m 鈹?gzip:   0.71 kB[22m
[2mdist/[22m[36massets/annual-sales-Ipgk6J0C.js                                                [39m[1m[2m    1.37 kB[22m[1m[22m[2m 鈹?gzip:   0.72 kB[22m
[2mdist/[22m[36massets/about-project.vue_vue_type_script_setup_true_lang-DSnKeHmb.js           [39m[1m[2m    1.39 kB[22m[1m[22m[2m 鈹?gzip:   0.96 kB[22m
[2mdist/[22m[36massets/index-BIZP4sIR.js                                                       [39m[1m[2m    1.40 kB[22m[1m[22m[2m 鈹?gzip:   0.76 kB[22m
[2mdist/[22m[36massets/_initCloneObject-DjVuAO_w.js                                            [39m[1m[2m    1.40 kB[22m[1m[22m[2m 鈹?gzip:   0.71 kB[22m
[2mdist/[22m[36massets/todo-list.vue_vue_type_script_setup_true_lang-WwN1_MPT.js               [39m[1m[2m    1.44 kB[22m[1m[22m[2m 鈹?gzip:   0.78 kB[22m
[2mdist/[22m[36massets/user-dialog-Dhe5iOgW.js                                                 [39m[1m[2m    1.44 kB[22m[1m[22m[2m 鈹?gzip:   0.60 kB[22m
[2mdist/[22m[36massets/top-products-B7hrpO9a.js                                                [39m[1m[2m    1.45 kB[22m[1m[22m[2m 鈹?gzip:   0.59 kB[22m
[2mdist/[22m[36massets/sales-classification-BwjtRLQw.js                                        [39m[1m[2m    1.46 kB[22m[1m[22m[2m 鈹?gzip:   0.80 kB[22m
[2mdist/[22m[36massets/hot-products-list-DlTR1fls.js                                           [39m[1m[2m    1.48 kB[22m[1m[22m[2m 鈹?gzip:   0.62 kB[22m
[2mdist/[22m[36massets/index-6cXehcp7.js                                                       [39m[1m[2m    1.50 kB[22m[1m[22m[2m 鈹?gzip:   0.81 kB[22m
[2mdist/[22m[36massets/banner.vue_vue_type_script_setup_true_lang-_dT03q-i.js                  [39m[1m[2m    1.50 kB[22m[1m[22m[2m 鈹?gzip:   0.83 kB[22m
[2mdist/[22m[36massets/el-card-CdVG6w4A.js                                                     [39m[1m[2m    1.50 kB[22m[1m[22m[2m 鈹?gzip:   0.74 kB[22m
[2mdist/[22m[36massets/index.vue_vue_type_script_setup_true_lang-DM1xYuKH.js                   [39m[1m[2m    1.52 kB[22m[1m[22m[2m 鈹?gzip:   0.78 kB[22m
[2mdist/[22m[36massets/ArtResultPage.vue_vue_type_script_setup_true_lang--gsXKP-C.js           [39m[1m[2m    1.53 kB[22m[1m[22m[2m 鈹?gzip:   0.85 kB[22m
[2mdist/[22m[36massets/dynamic-stats.vue_vue_type_script_setup_true_lang-Cm088_Cs.js           [39m[1m[2m    1.54 kB[22m[1m[22m[2m 鈹?gzip:   0.86 kB[22m
[2mdist/[22m[36massets/index.vue_vue_type_script_setup_true_lang-V5oxvU6T.js                   [39m[1m[2m    1.59 kB[22m[1m[22m[2m 鈹?gzip:   0.85 kB[22m
[2mdist/[22m[36massets/index-DsjCrW4Q.js                                                       [39m[1m[2m    1.59 kB[22m[1m[22m[2m 鈹?gzip:   0.95 kB[22m
[2mdist/[22m[36massets/user-search.vue_vue_type_script_setup_true_lang-DVL2cE1w.js             [39m[1m[2m    1.61 kB[22m[1m[22m[2m 鈹?gzip:   0.86 kB[22m
[2mdist/[22m[36massets/card-list.vue_vue_type_script_setup_true_lang-BVk4oWSx.js               [39m[1m[2m    1.62 kB[22m[1m[22m[2m 鈹?gzip:   0.91 kB[22m
[2mdist/[22m[36massets/role-search-3N7iUu1I.js                                                 [39m[1m[2m    1.63 kB[22m[1m[22m[2m 鈹?gzip:   0.68 kB[22m
[2mdist/[22m[36massets/user-search-Cn7P8xm7.js                                                 [39m[1m[2m    1.63 kB[22m[1m[22m[2m 鈹?gzip:   0.68 kB[22m
[2mdist/[22m[36massets/target-vs-reality.vue_vue_type_script_setup_true_lang-BTZYdja0.js       [39m[1m[2m    1.63 kB[22m[1m[22m[2m 鈹?gzip:   0.88 kB[22m
[2mdist/[22m[36massets/el-avatar-BO2WtZEh.js                                                   [39m[1m[2m    1.67 kB[22m[1m[22m[2m 鈹?gzip:   0.91 kB[22m
[2mdist/[22m[36massets/index-Cz-C4xRB.js                                                       [39m[1m[2m    1.67 kB[22m[1m[22m[2m 鈹?gzip:   0.95 kB[22m
[2mdist/[22m[36massets/hot-commodity.vue_vue_type_script_setup_true_lang-CVo3EhWb.js           [39m[1m[2m    1.72 kB[22m[1m[22m[2m 鈹?gzip:   0.90 kB[22m
[2mdist/[22m[36massets/top-products.vue_vue_type_script_setup_true_lang-CCuaRepo.js            [39m[1m[2m    1.72 kB[22m[1m[22m[2m 鈹?gzip:   0.95 kB[22m
[2mdist/[22m[36massets/role-search.vue_vue_type_script_setup_true_lang-COuGuzXS.js             [39m[1m[2m    1.79 kB[22m[1m[22m[2m 鈹?gzip:   0.94 kB[22m
[2mdist/[22m[36massets/el-col-B2nQKDT3.js                                                      [39m[1m[2m    1.79 kB[22m[1m[22m[2m 鈹?gzip:   0.85 kB[22m
[2mdist/[22m[36massets/index-DDrLYkQD.js                                                       [39m[1m[2m    1.80 kB[22m[1m[22m[2m 鈹?gzip:   0.99 kB[22m
[2mdist/[22m[36massets/menu-dialog-CkFn3XoB.js                                                 [39m[1m[2m    1.84 kB[22m[1m[22m[2m 鈹?gzip:   0.73 kB[22m
[2mdist/[22m[36massets/index-CUvPRgPL.js                                                       [39m[1m[2m    1.87 kB[22m[1m[22m[2m 鈹?gzip:   0.96 kB[22m
[2mdist/[22m[36massets/index-DgxWavia.js                                                       [39m[1m[2m    1.90 kB[22m[1m[22m[2m 鈹?gzip:   1.04 kB[22m
[2mdist/[22m[36massets/avatar10-Dom60BwY.js                                                    [39m[1m[2m    1.93 kB[22m[1m[22m[2m 鈹?gzip:   1.50 kB[22m
[2mdist/[22m[36massets/index.vue_vue_type_script_setup_true_lang-Dez7cFnm.js                   [39m[1m[2m    1.95 kB[22m[1m[22m[2m 鈹?gzip:   1.03 kB[22m
[2mdist/[22m[36massets/index-CAEwweZL.js                                                       [39m[1m[2m    2.01 kB[22m[1m[22m[2m 鈹?gzip:   1.05 kB[22m
[2mdist/[22m[36massets/index-DNo8kCN8.js                                                       [39m[1m[2m    2.05 kB[22m[1m[22m[2m 鈹?gzip:   0.76 kB[22m
[2mdist/[22m[36massets/today-sales.vue_vue_type_script_setup_true_lang-C6f9FB5j.js             [39m[1m[2m    2.20 kB[22m[1m[22m[2m 鈹?gzip:   1.15 kB[22m
[2mdist/[22m[36massets/index-Bo2KgpRD.js                                                       [39m[1m[2m    2.21 kB[22m[1m[22m[2m 鈹?gzip:   1.19 kB[22m
[2mdist/[22m[36massets/el-timeline-item-BbpaVFT5.js                                            [39m[1m[2m    2.22 kB[22m[1m[22m[2m 鈹?gzip:   1.00 kB[22m
[2mdist/[22m[36massets/index-Bwl07hQ3.js                                                       [39m[1m[2m    2.29 kB[22m[1m[22m[2m 鈹?gzip:   1.05 kB[22m
[2mdist/[22m[36massets/index.vue_vue_type_script_setup_true_lang-DqioEyGa.js                   [39m[1m[2m    2.43 kB[22m[1m[22m[2m 鈹?gzip:   1.14 kB[22m
[2mdist/[22m[36massets/index.vue_vue_type_script_setup_true_lang-Ca0gYXrL.js                   [39m[1m[2m    2.44 kB[22m[1m[22m[2m 鈹?gzip:   1.20 kB[22m
[2mdist/[22m[36massets/useTableColumns-BSCwxb5p.js                                             [39m[1m[2m    2.46 kB[22m[1m[22m[2m 鈹?gzip:   1.04 kB[22m
[2mdist/[22m[36massets/index-D47RFu-N.js                                                       [39m[1m[2m    2.46 kB[22m[1m[22m[2m 鈹?gzip:   1.12 kB[22m
[2mdist/[22m[36massets/index.vue_vue_type_script_setup_true_lang-IWii6QDF.js                   [39m[1m[2m    2.51 kB[22m[1m[22m[2m 鈹?gzip:   1.25 kB[22m
[2mdist/[22m[36massets/index-CeAL9FM5.js                                                       [39m[1m[2m    2.54 kB[22m[1m[22m[2m 鈹?gzip:   1.38 kB[22m
[2mdist/[22m[36massets/el-space-BdIuRhdw.js                                                    [39m[1m[2m    2.54 kB[22m[1m[22m[2m 鈹?gzip:   1.19 kB[22m
[2mdist/[22m[36massets/el-alert-BYJYEtP9.js                                                    [39m[1m[2m    2.56 kB[22m[1m[22m[2m 鈹?gzip:   1.19 kB[22m
[2mdist/[22m[36massets/dict-Ce_gTK3W.js                                                        [39m[1m[2m    2.65 kB[22m[1m[22m[2m 鈹?gzip:   0.99 kB[22m
[2mdist/[22m[36massets/basic-smGUYeTh.js                                                       [39m[1m[2m    2.81 kB[22m[1m[22m[2m 鈹?gzip:   1.34 kB[22m
[2mdist/[22m[36massets/avatar-pR7-E1hl.js                                                      [39m[1m[2m    2.89 kB[22m[1m[22m[2m 鈹?gzip:   2.23 kB[22m
[2mdist/[22m[36massets/index-CNOs0A8e.js                                                       [39m[1m[2m    2.96 kB[22m[1m[22m[2m 鈹?gzip:   1.42 kB[22m
[2mdist/[22m[36massets/hot-products-list.vue_vue_type_script_setup_true_lang-BhM8oA2b.js       [39m[1m[2m    3.01 kB[22m[1m[22m[2m 鈹?gzip:   1.53 kB[22m
[2mdist/[22m[36massets/_baseClone-D4MYyD2z.js                                                  [39m[1m[2m    3.02 kB[22m[1m[22m[2m 鈹?gzip:   1.27 kB[22m
[2mdist/[22m[36massets/index.vue_vue_type_script_setup_true_lang-Ct1sYFaq.js                   [39m[1m[2m    3.07 kB[22m[1m[22m[2m 鈹?gzip:   1.31 kB[22m
[2mdist/[22m[36massets/avatar1-CutlWZf5.js                                                     [39m[1m[2m    3.11 kB[22m[1m[22m[2m 鈹?gzip:   2.40 kB[22m
[2mdist/[22m[36massets/sd-mv97tFD2.js                                                          [39m[1m[2m    3.12 kB[22m[1m[22m[2m 鈹?gzip:   2.14 kB[22m
[2mdist/[22m[36massets/index-B6JXDrjF.js                                                       [39m[1m[2m    3.14 kB[22m[1m[22m[2m 鈹?gzip:   1.57 kB[22m
[2mdist/[22m[36massets/index-CDcdd_E3.js                                                       [39m[1m[2m    3.15 kB[22m[1m[22m[2m 鈹?gzip:   1.42 kB[22m
[2mdist/[22m[36massets/index.vue_vue_type_script_setup_true_lang-C2hAhsED.js                   [39m[1m[2m    3.19 kB[22m[1m[22m[2m 鈹?gzip:   1.37 kB[22m
[2mdist/[22m[36massets/index-DeTAueRQ.js                                                       [39m[1m[2m    3.26 kB[22m[1m[22m[2m 鈹?gzip:   1.46 kB[22m
[2mdist/[22m[36massets/drone-D7ZYUx9u.js                                                       [39m[1m[2m    3.28 kB[22m[1m[22m[2m 鈹?gzip:   1.18 kB[22m
[2mdist/[22m[36massets/role-edit-dialog.vue_vue_type_script_setup_true_lang-B8kJRBwz.js        [39m[1m[2m    3.29 kB[22m[1m[22m[2m 鈹?gzip:   1.39 kB[22m
[2mdist/[22m[36massets/index-DbLOr1vP.js                                                       [39m[1m[2m    3.38 kB[22m[1m[22m[2m 鈹?gzip:   1.25 kB[22m
[2mdist/[22m[36massets/index.vue_vue_type_script_setup_true_lang-ylZnOl-o.js                   [39m[1m[2m    3.43 kB[22m[1m[22m[2m 鈹?gzip:   1.62 kB[22m
[2mdist/[22m[36massets/el-popover-DsQs-paj.js                                                  [39m[1m[2m    3.51 kB[22m[1m[22m[2m 鈹?gzip:   1.53 kB[22m
[2mdist/[22m[36massets/index-C8yFw8z5.js                                                       [39m[1m[2m    3.54 kB[22m[1m[22m[2m 鈹?gzip:   1.69 kB[22m
[2mdist/[22m[36massets/index-bjpq9NV3.js                                                       [39m[1m[2m    3.59 kB[22m[1m[22m[2m 鈹?gzip:   1.28 kB[22m
[2mdist/[22m[36massets/user-dialog.vue_vue_type_script_setup_true_lang-DPoyZkpk.js             [39m[1m[2m    3.65 kB[22m[1m[22m[2m 鈹?gzip:   1.63 kB[22m
[2mdist/[22m[36massets/role-permission-dialog.vue_vue_type_script_setup_true_lang-Cvfs3ID4.js  [39m[1m[2m    3.66 kB[22m[1m[22m[2m 鈹?gzip:   1.73 kB[22m
[2mdist/[22m[36massets/formData-Cd6BXK-M.js                                                    [39m[1m[2m    3.80 kB[22m[1m[22m[2m 鈹?gzip:   1.22 kB[22m
[2mdist/[22m[36massets/index-D6cilFei.js                                                       [39m[1m[2m    3.97 kB[22m[1m[22m[2m 鈹?gzip:   1.92 kB[22m
[2mdist/[22m[36massets/new-user-BCfJ3Q8x.js                                                    [39m[1m[2m    4.00 kB[22m[1m[22m[2m 鈹?gzip:   1.83 kB[22m
[2mdist/[22m[36massets/index-Be7ufknU.js                                                       [39m[1m[2m    4.40 kB[22m[1m[22m[2m 鈹?gzip:   1.79 kB[22m
[2mdist/[22m[36massets/index-Cut9Xc3i.js                                                       [39m[1m[2m    4.54 kB[22m[1m[22m[2m 鈹?gzip:   1.94 kB[22m
[2mdist/[22m[36massets/index-DAHm9kOk.js                                                       [39m[1m[2m    4.56 kB[22m[1m[22m[2m 鈹?gzip:   1.50 kB[22m
[2mdist/[22m[36massets/index-BdQJh9-2.js                                                       [39m[1m[2m    4.57 kB[22m[1m[22m[2m 鈹?gzip:   1.57 kB[22m
[2mdist/[22m[36massets/el-overlay-SEf0TZsA.js                                                  [39m[1m[2m    4.66 kB[22m[1m[22m[2m 鈹?gzip:   1.82 kB[22m
[2mdist/[22m[36massets/index-CJcOSQPX.js                                                       [39m[1m[2m    4.73 kB[22m[1m[22m[2m 鈹?gzip:   1.98 kB[22m
[2mdist/[22m[36massets/el-empty-5hFOKPdr.js                                                    [39m[1m[2m    4.82 kB[22m[1m[22m[2m 鈹?gzip:   1.68 kB[22m
[2mdist/[22m[36massets/index.vue_vue_type_script_setup_true_lang-DGrGhcnd.js                   [39m[1m[2m    4.86 kB[22m[1m[22m[2m 鈹?gzip:   1.96 kB[22m
[2mdist/[22m[36massets/index--25Ao6g7.js                                                       [39m[1m[2m    4.97 kB[22m[1m[22m[2m 鈹?gzip:   2.37 kB[22m
[2mdist/[22m[36massets/el-collapse-item-B7tSlj88.js                                            [39m[1m[2m    5.01 kB[22m[1m[22m[2m 鈹?gzip:   2.19 kB[22m
[2mdist/[22m[36massets/el-drawer-BqQettZM.js                                                   [39m[1m[2m    5.05 kB[22m[1m[22m[2m 鈹?gzip:   2.30 kB[22m
[2mdist/[22m[36massets/index-CT9JLfzP.js                                                       [39m[1m[2m    5.11 kB[22m[1m[22m[2m 鈹?gzip:   2.04 kB[22m
[2mdist/[22m[36massets/index-Ct34phT3.js                                                       [39m[1m[2m    5.13 kB[22m[1m[22m[2m 鈹?gzip:   1.91 kB[22m
[2mdist/[22m[36massets/el-dialog-D09cXiNQ.js                                                   [39m[1m[2m    5.13 kB[22m[1m[22m[2m 鈹?gzip:   2.22 kB[22m
[2mdist/[22m[36massets/index-C3xa_DmL.js                                                       [39m[1m[2m    5.18 kB[22m[1m[22m[2m 鈹?gzip:   2.23 kB[22m
[2mdist/[22m[36massets/el-descriptions-item-DG_N35MK.js                                        [39m[1m[2m    5.28 kB[22m[1m[22m[2m 鈹?gzip:   2.09 kB[22m
[2mdist/[22m[36massets/index-D5P3s1pa.js                                                       [39m[1m[2m    5.32 kB[22m[1m[22m[2m 鈹?gzip:   2.49 kB[22m
[2mdist/[22m[36massets/index-4SpESMug.js                                                       [39m[1m[2m    5.38 kB[22m[1m[22m[2m 鈹?gzip:   2.21 kB[22m
[2mdist/[22m[36massets/useHeaderBar-39ek3HnF.js                                                [39m[1m[2m    5.39 kB[22m[1m[22m[2m 鈹?gzip:   3.66 kB[22m
[2mdist/[22m[36massets/index-YNEKjpLz.js                                                       [39m[1m[2m    5.41 kB[22m[1m[22m[2m 鈹?gzip:   2.16 kB[22m
[2mdist/[22m[36massets/LoginLeftView-kgHCijpG.js                                               [39m[1m[2m    5.51 kB[22m[1m[22m[2m 鈹?gzip:   2.17 kB[22m
[2mdist/[22m[36massets/index-CrUha9_E.js                                                       [39m[1m[2m    5.53 kB[22m[1m[22m[2m 鈹?gzip:   2.79 kB[22m
[2mdist/[22m[36massets/el-radio-BNhkn2B2.js                                                    [39m[1m[2m    5.81 kB[22m[1m[22m[2m 鈹?gzip:   2.28 kB[22m
[2mdist/[22m[36massets/useChart-CJiCYtYN.js                                                    [39m[1m[2m    5.97 kB[22m[1m[22m[2m 鈹?gzip:   2.62 kB[22m
[2mdist/[22m[36massets/index--AhyotQd.js                                                       [39m[1m[2m    6.00 kB[22m[1m[22m[2m 鈹?gzip:   2.60 kB[22m
[2mdist/[22m[36massets/index-CE_QjsKG.js                                                       [39m[1m[2m    6.01 kB[22m[1m[22m[2m 鈹?gzip:   2.64 kB[22m
[2mdist/[22m[36massets/index-ZcXNKbcr.js                                                       [39m[1m[2m    6.04 kB[22m[1m[22m[2m 鈹?gzip:   2.82 kB[22m
[2mdist/[22m[36massets/index-CECcmR3O.js                                                       [39m[1m[2m    6.26 kB[22m[1m[22m[2m 鈹?gzip:   2.75 kB[22m
[2mdist/[22m[36massets/index-DB_3qqPQ.js                                                       [39m[1m[2m    6.28 kB[22m[1m[22m[2m 鈹?gzip:   2.61 kB[22m
[2mdist/[22m[36massets/index-BhFbd3GD.js                                                       [39m[1m[2m    6.29 kB[22m[1m[22m[2m 鈹?gzip:   2.56 kB[22m
[2mdist/[22m[36massets/index-DFdzLYOf.js                                                       [39m[1m[2m    6.38 kB[22m[1m[22m[2m 鈹?gzip:   3.71 kB[22m
[2mdist/[22m[36massets/index-BxVnRfoV.js                                                       [39m[1m[2m    6.50 kB[22m[1m[22m[2m 鈹?gzip:   2.57 kB[22m
[2mdist/[22m[36massets/index-B3S0O4vn.js                                                       [39m[1m[2m    6.63 kB[22m[1m[22m[2m 鈹?gzip:   2.94 kB[22m
[2mdist/[22m[36massets/tree-D2LsrWRi.js                                                        [39m[1m[2m    6.69 kB[22m[1m[22m[2m 鈹?gzip:   2.92 kB[22m
[2mdist/[22m[36massets/index-B-QqPfuL.js                                                       [39m[1m[2m    6.78 kB[22m[1m[22m[2m 鈹?gzip:   2.91 kB[22m
[2mdist/[22m[36massets/index-488H2-R_.js                                                       [39m[1m[2m    6.81 kB[22m[1m[22m[2m 鈹?gzip:   2.85 kB[22m
[2mdist/[22m[36massets/index.vue_vue_type_script_setup_true_lang-Bj6vlZYc.js                   [39m[1m[2m    6.93 kB[22m[1m[22m[2m 鈹?gzip:   2.89 kB[22m
[2mdist/[22m[36massets/index-BChVYgF9.js                                                       [39m[1m[2m    7.12 kB[22m[1m[22m[2m 鈹?gzip:   2.81 kB[22m
[2mdist/[22m[36massets/index-Cp6MfP83.js                                                       [39m[1m[2m    7.12 kB[22m[1m[22m[2m 鈹?gzip:   3.03 kB[22m
[2mdist/[22m[36massets/index-jtlHwctC.js                                                       [39m[1m[2m    7.22 kB[22m[1m[22m[2m 鈹?gzip:   2.92 kB[22m
[2mdist/[22m[36massets/index-DlyzPRAJ.js                                                       [39m[1m[2m    7.25 kB[22m[1m[22m[2m 鈹?gzip:   2.99 kB[22m
[2mdist/[22m[36massets/menu-dialog.vue_vue_type_script_setup_true_lang-Xe_v_yRY.js             [39m[1m[2m    7.47 kB[22m[1m[22m[2m 鈹?gzip:   3.25 kB[22m
[2mdist/[22m[36massets/index-CQhOhjEi.js                                                       [39m[1m[2m    7.54 kB[22m[1m[22m[2m 鈹?gzip:   3.10 kB[22m
[2mdist/[22m[36massets/index-u5_aodrt.js                                                       [39m[1m[2m    7.65 kB[22m[1m[22m[2m 鈹?gzip:   3.07 kB[22m
[2mdist/[22m[36massets/index-BJrnWzRK.js                                                       [39m[1m[2m    7.80 kB[22m[1m[22m[2m 鈹?gzip:   3.10 kB[22m
[2mdist/[22m[36massets/index-wjsEBmsc.js                                                       [39m[1m[2m    7.82 kB[22m[1m[22m[2m 鈹?gzip:   3.37 kB[22m
[2mdist/[22m[36massets/avatar6-VNTlcTK9.js                                                     [39m[1m[2m    8.15 kB[22m[1m[22m[2m 鈹?gzip:   6.07 kB[22m
[2mdist/[22m[36massets/index-B2ku0Lvh.js                                                       [39m[1m[2m    8.42 kB[22m[1m[22m[2m 鈹?gzip:   3.24 kB[22m
[2mdist/[22m[36massets/index-DGqsM8VK.js                                                       [39m[1m[2m    8.70 kB[22m[1m[22m[2m 鈹?gzip:   3.28 kB[22m
[2mdist/[22m[36massets/index-Dz6Bgau7.js                                                       [39m[1m[2m    8.90 kB[22m[1m[22m[2m 鈹?gzip:   3.62 kB[22m
[2mdist/[22m[36massets/index-DG2u3AyO.js                                                       [39m[1m[2m    9.30 kB[22m[1m[22m[2m 鈹?gzip:   3.70 kB[22m
[2mdist/[22m[36massets/index-DA_3MJ0z.js                                                       [39m[1m[2m    9.72 kB[22m[1m[22m[2m 鈹?gzip:   3.78 kB[22m
[2mdist/[22m[36massets/index-BoRs_nwj.js                                                       [39m[1m[2m    9.81 kB[22m[1m[22m[2m 鈹?gzip:   4.22 kB[22m
[2mdist/[22m[36massets/index-By6SOYpp.js                                                       [39m[1m[2m    9.98 kB[22m[1m[22m[2m 鈹?gzip:   3.47 kB[22m
[2mdist/[22m[36massets/index-D7xQChmd.js                                                       [39m[1m[2m   10.61 kB[22m[1m[22m[2m 鈹?gzip:   3.87 kB[22m
[2mdist/[22m[36massets/index-cooM094h.js                                                       [39m[1m[2m   11.05 kB[22m[1m[22m[2m 鈹?gzip:   4.35 kB[22m
[2mdist/[22m[36massets/avatar9-oKrDyQhv.js                                                     [39m[1m[2m   11.24 kB[22m[1m[22m[2m 鈹?gzip:   8.45 kB[22m
[2mdist/[22m[36massets/overlay-DqDyGGmM.js                                                     [39m[1m[2m   11.59 kB[22m[1m[22m[2m 鈹?gzip:   4.29 kB[22m
[2mdist/[22m[36massets/index-Bw-mfUOU.js                                                       [39m[1m[2m   11.72 kB[22m[1m[22m[2m 鈹?gzip:   4.27 kB[22m
[2mdist/[22m[36massets/index-CvZ4vNfF.js                                                       [39m[1m[2m   11.73 kB[22m[1m[22m[2m 鈹?gzip:   4.48 kB[22m
[2mdist/[22m[36massets/index-Bne9OoYC.js                                                       [39m[1m[2m   11.77 kB[22m[1m[22m[2m 鈹?gzip:   4.09 kB[22m
[2mdist/[22m[36massets/el-pagination-DHzb8RTV.js                                               [39m[1m[2m   12.17 kB[22m[1m[22m[2m 鈹?gzip:   4.11 kB[22m
[2mdist/[22m[36massets/index-B8XV0tHq.js                                                       [39m[1m[2m   12.48 kB[22m[1m[22m[2m 鈹?gzip:   4.80 kB[22m
[2mdist/[22m[36massets/index-DMl-SHE2.js                                                       [39m[1m[2m   13.17 kB[22m[1m[22m[2m 鈹?gzip:   5.19 kB[22m
[2mdist/[22m[36massets/search-bar-BKRHnV7t.js                                                  [39m[1m[2m   13.54 kB[22m[1m[22m[2m 鈹?gzip:   5.04 kB[22m
[2mdist/[22m[36massets/index-2lzV7lQ0.js                                                       [39m[1m[2m   13.77 kB[22m[1m[22m[2m 鈹?gzip:   4.95 kB[22m
[2mdist/[22m[36massets/index-Dt224e-e.js                                                       [39m[1m[2m   14.39 kB[22m[1m[22m[2m 鈹?gzip:   5.53 kB[22m
[2mdist/[22m[36massets/index-CkWBDCiW.js                                                       [39m[1m[2m   15.54 kB[22m[1m[22m[2m 鈹?gzip:   4.27 kB[22m
[2mdist/[22m[36massets/useTable-Dy7cXDlZ.js                                                    [39m[1m[2m   16.08 kB[22m[1m[22m[2m 鈹?gzip:   6.95 kB[22m
[2mdist/[22m[36massets/el-dropdown-item-Clq82RDQ.js                                            [39m[1m[2m   16.40 kB[22m[1m[22m[2m 鈹?gzip:   5.60 kB[22m
[2mdist/[22m[36massets/index-CTA6X1Hw.js                                                       [39m[1m[2m   16.58 kB[22m[1m[22m[2m 鈹?gzip:   5.42 kB[22m
[2mdist/[22m[36massets/index-DuqQAVk2.js                                                       [39m[1m[2m   17.01 kB[22m[1m[22m[2m 鈹?gzip:   5.02 kB[22m
[2mdist/[22m[36massets/index-2ufLDh61.js                                                       [39m[1m[2m   17.56 kB[22m[1m[22m[2m 鈹?gzip:   5.90 kB[22m
[2mdist/[22m[36massets/index.vue_vue_type_script_setup_true_lang-BZq6S10N.js                   [39m[1m[2m   18.88 kB[22m[1m[22m[2m 鈹?gzip:   7.23 kB[22m
[2mdist/[22m[36massets/index-BRC0fcX6.js                                                       [39m[1m[2m   19.57 kB[22m[1m[22m[2m 鈹?gzip:   7.22 kB[22m
[2mdist/[22m[36massets/index-DrCyerJL.js                                                       [39m[1m[2m   19.94 kB[22m[1m[22m[2m 鈹?gzip:   6.92 kB[22m
[2mdist/[22m[36massets/index-FcDAXGK2.js                                                       [39m[1m[2m   22.30 kB[22m[1m[22m[2m 鈹?gzip:   7.67 kB[22m
[2mdist/[22m[36massets/index-OW3h-Wuo.js                                                       [39m[1m[2m   22.34 kB[22m[1m[22m[2m 鈹?gzip:  12.70 kB[22m
[2mdist/[22m[36massets/index-CUaukDV0.js                                                       [39m[1m[2m   24.51 kB[22m[1m[22m[2m 鈹?gzip:   9.28 kB[22m
[2mdist/[22m[36massets/el-form-item-C0R_zzKC.js                                                [39m[1m[2m   27.20 kB[22m[1m[22m[2m 鈹?gzip:   9.13 kB[22m
[2mdist/[22m[36massets/index-ImBGnUmq.js                                                       [39m[1m[2m   27.98 kB[22m[1m[22m[2m 鈹?gzip:   9.90 kB[22m
[2mdist/[22m[36massets/el-option-D4Hb0fAo.js                                                   [39m[1m[2m   28.77 kB[22m[1m[22m[2m 鈹?gzip:   9.57 kB[22m
[2mdist/[22m[36massets/index-x_LJsAPI.js                                                       [39m[1m[2m   29.02 kB[22m[1m[22m[2m 鈹?gzip:   9.34 kB[22m
[2mdist/[22m[36massets/index-B3H_pFPK.js                                                       [39m[1m[2m   34.62 kB[22m[1m[22m[2m 鈹?gzip:   9.42 kB[22m
[2mdist/[22m[36massets/index-B_3jfA6D.js                                                       [39m[1m[2m   39.47 kB[22m[1m[22m[2m 鈹?gzip:  13.75 kB[22m
[2mdist/[22m[36massets/vue-draggable-plus-DajzMA50.js                                          [39m[1m[2m   41.70 kB[22m[1m[22m[2m 鈹?gzip:  14.38 kB[22m
[2mdist/[22m[36massets/index-CX-7rojE.js                                                       [39m[1m[2m   60.03 kB[22m[1m[22m[2m 鈹?gzip:  20.18 kB[22m
[2mdist/[22m[36massets/tree-select-DdInioZv.js                                                 [39m[1m[2m   71.11 kB[22m[1m[22m[2m 鈹?gzip:  23.12 kB[22m
[2mdist/[22m[36massets/index-DBwOF0cC.js                                                       [39m[1m[2m   74.74 kB[22m[1m[22m[2m 鈹?gzip:  28.98 kB[22m
[2mdist/[22m[36massets/el-table-column-DtsuWTP2.js                                             [39m[1m[2m   74.98 kB[22m[1m[22m[2m 鈹?gzip:  24.94 kB[22m
[2mdist/[22m[36massets/index-DEuMm-V0.js                                                       [39m[1m[2m   96.47 kB[22m[1m[22m[2m 鈹?gzip:  26.97 kB[22m
[2mdist/[22m[36massets/index-DxHBOWxd.js                                                       [39m[1m[2m  284.43 kB[22m[1m[22m[2m 鈹?gzip:  77.35 kB[22m
[2mdist/[22m[36massets/index-Dg20WJZs.js                                                       [39m[1m[2m  421.04 kB[22m[1m[22m[2m 鈹?gzip: 140.95 kB[22m
[2mdist/[22m[36massets/index-BOGlH06E.js                                                       [39m[1m[2m  562.45 kB[22m[1m[22m[2m 鈹?gzip: 191.30 kB[22m
[2mdist/[22m[36massets/echarts-DSKumXTW.js                                                     [39m[1m[2m  748.03 kB[22m[1m[22m[2m 鈹?gzip: 244.46 kB[22m
[2mdist/[22m[36massets/index.vue_vue_type_style_index_0_lang-C-FTf6pB.js                       [39m[1m[2m  813.97 kB[22m[1m[22m[2m 鈹?gzip: 275.60 kB[22m
[2mdist/[22m[36massets/index-AfGbYc5u.js                                                       [39m[1m[2m1,401.95 kB[22m[1m[22m[2m 鈹?gzip: 464.82 kB[22m
[32m鉁?built in 40.72s[39m
