鉁?Lockfile passes supply-chain policies (verified 16d ago)
Lockfile is up to date, resolution step is skipped
Already up to date

   鈺攢鈹€鈹€鈹€鈹€鈹€鈹€鈹€鈹€鈹€鈹€鈹€鈹€鈹€鈹€鈹€鈹€鈹€鈹€鈹€鈹€鈹€鈹€鈹€鈹€鈹€鈹€鈹€鈹€鈹€鈹€鈹€鈹€鈹€鈹€鈹€鈹€鈹€鈹€鈹€鈹€鈺?   鈹?                                        鈹?   鈹?  Update available! 11.24.0 鈫?12.4.2.   鈹?   鈹?  Changelog: https://pnpm.io/v/12.4.2   鈹?   鈹?   To update, run: pnpm add -g pnpm     鈹?   鈹?                                        鈹?   鈺扳攢鈹€鈹€鈹€鈹€鈹€鈹€鈹€鈹€鈹€鈹€鈹€鈹€鈹€鈹€鈹€鈹€鈹€鈹€鈹€鈹€鈹€鈹€鈹€鈹€鈹€鈹€鈹€鈹€鈹€鈹€鈹€鈹€鈹€鈹€鈹€鈹€鈹€鈹€鈹€鈹€鈺?

. prepare$ husky
. prepare: Done
Done in 8.3s using pnpm v11.24.0
node.exe : 'vue-tsc' 不是内部或外部命令，也不是可运行的程序
所在位置 C:\Users\Administrator\AppData\Roaming\npm\pnpm.ps1:24 字符: 5
+     & "node$exe"  "$basedir/node_modules/pnpm/bin/pnpm.mjs" $args
+     ~~~~~~~~~~~~~~~~~~~~~~~~~~~~~~~~~~~~~~~~~~~~~~~~~~~~~~~~~~~~~
    + CategoryInfo          : NotSpecified: ('vue-tsc' 不是内部或外部命令，也不是可运行的程序:String) [], RemoteException
    + FullyQualifiedErrorId : NativeCommandError
 
或批处理文件。
